// Jest Snapshot v1, https://goo.gl/fbAQLP

exports[`Testing App component Shold render correctly App component with Routes children 1`] = `<Routes />`;

exports[`Testing App component Shold render correctly App component with initial state 1`] = `
Object {
  "pagination": Object {
    "page": 1,
  },
  "peoples": null,
  "planets": null,
  "starships": null,
  "vehicles": null,
}
`;
